<html>
<body>
<pre>
<h1>µVision Build Log</h1>
<h2>Tool Versions:</h2>
IDE-Version: ¦ÌVision V5.25.2.0
Copyright (C) 2018 ARM Ltd and ARM Germany GmbH. All rights reserved.
License Information: Chris Chris, Chris, LIC=7YKPC-7RE6V-VHP87-EH5PQ-WGZ98-QV7FC
 
Tool Versions:
Toolchain:       MDK-ARM Professional  Version: 5.25.2.0
Toolchain Path:  D:\keil5\ARM\ARMCC\Bin
C Compiler:      Armcc.exe V5.06 update 6 (build 750)
Assembler:       Armasm.exe V5.06 update 6 (build 750)
Linker/Locator:  ArmLink.exe V5.06 update 6 (build 750)
Library Manager: ArmAr.exe V5.06 update 6 (build 750)
Hex Converter:   FromElf.exe V5.06 update 6 (build 750)
CPU DLL:         SARMCM3.DLL V5.25.2.0
Dialog DLL:      DCM.DLL V1.17.1.0
Target DLL:      STLink\ST-LINKIII-KEIL_SWO.dll V3.0.1.0
Dialog DLL:      TCM.DLL V1.35.1.0
 
<h2>Project:</h2>
D:\HAL_project\DHT22_project\dht22_version_3.2\dht22_pro\MDK-ARM\dht22_pro.uvprojx
Project File Date:  05/23/2019

<h2>Output:</h2>
*** Using Compiler 'V5.06 update 6 (build 750)', folder: 'D:\keil5\ARM\ARMCC\Bin'
Build target 'dht22_pro'
compiling communication.c...
..\Src\communication.c(86): warning:  #167-D: argument of type "volatile uint8_t *" is incompatible with parameter of type "uint8_t *"
  					SendOneFrame(Mine.Data,Others[0].addr,5);
..\Src\communication.c(90): warning:  #167-D: argument of type "volatile uint8_t *" is incompatible with parameter of type "uint8_t *"
  						SendOneFrame(Mine.Data,Others[0].addr,5);
..\Src\communication.c(91): warning:  #167-D: argument of type "volatile uint8_t *" is incompatible with parameter of type "uint8_t *"
  						SendOneFrame(Mine.Data,Others[0].addr,5);
..\Src\communication.c(92): warning:  #167-D: argument of type "volatile uint8_t *" is incompatible with parameter of type "uint8_t *"
  						SendOneFrame(Mine.Data,Others[0].addr,5);
..\Src\communication.c(117): warning:  #167-D: argument of type "volatile uint8_t *" is incompatible with parameter of type "uint8_t *"
  							sumH+=Get_Humidity(Others[i].Data);
..\Src\communication.c(118): warning:  #167-D: argument of type "volatile uint8_t *" is incompatible with parameter of type "uint8_t *"
  							sumT+=Get_Temperature(Others[i].Data);
..\Src\communication.c(138): warning:  #167-D: argument of type "volatile uint8_t *" is incompatible with parameter of type "uint8_t *"
  				sumT += Get_Temperature(Mine.Data);
..\Src\communication.c(139): warning:  #167-D: argument of type "volatile uint8_t *" is incompatible with parameter of type "uint8_t *"
  				sumH += Get_Humidity(Mine.Data);
..\Src\communication.c(305): warning:  #167-D: argument of type "volatile uint8_t *" is incompatible with parameter of type "uint8_t *"
  				SendOneFrame(Mine.Data,BroadcastAddress,5);
..\Src\communication.c(336): warning:  #167-D: argument of type "volatile uint8_t *" is incompatible with parameter of type "uint8_t *"
  		OLED_ShowFloat(40,1,Get_Temperature(Mine.Data),16);
..\Src\communication.c(339): warning:  #167-D: argument of type "volatile uint8_t *" is incompatible with parameter of type "uint8_t *"
  		OLED_ShowFloat(40,3,Get_Humidity(Mine.Data),16);
..\Src\communication.c: 11 warnings, 0 errors
linking...
Program Size: Code=11604 RO-data=1880 RW-data=80 ZI-data=2080  
FromELF: creating hex file...
"dht22_pro\dht22_pro.axf" - 0 Error(s), 11 Warning(s).

<h2>Software Packages used:</h2>

Package Vendor: ARM
                http://www.keil.com/pack/ARM.CMSIS.5.3.0.pack
                ARM.CMSIS.5.3.0
                CMSIS (Cortex Microcontroller Software Interface Standard)
   * Component: CORE Version: 5.1.1

Package Vendor: Keil
                http://www.keil.com/pack/Keil.STM32F1xx_DFP.2.2.0.pack
                Keil.STM32F1xx_DFP.2.2.0
                STMicroelectronics STM32F1 Series Device Support, Drivers and Examples

<h2>Collection of Component include folders:</h2>
  .\RTE\_dht22_pro
  D:\keil5\ARM\PACK\ARM\CMSIS\5.3.0\CMSIS\Include
  D:\keil5\ARM\PACK\Keil\STM32F1xx_DFP\2.2.0\Device\Include

<h2>Collection of Component Files used:</h2>

   * Component: ARM::CMSIS:CORE:5.1.1
Build Time Elapsed:  00:00:05
</pre>
</body>
</html>
